// Jest Snapshot v1, https://goo.gl/fbAQLP

exports[`Spinner Render sin props 1`] = `
<div
  className="d-flex justify-content-center w-100 mb-3"
>
  <div
    className="spinner-border"
    role="status"
  >
    <span
      className="sr-only"
    >
      Loading...
    </span>
  </div>
</div>
`;
