// Jest Snapshot v1, https://goo.gl/fbAQLP

exports[`Lista Deber√≠a renderizar sin datos 1`] = `
<div
  className="lista row"
>
  <div
    className="w-100 text-center"
  >
    No hay resultados...
  </div>
</div>
`;
